interactions:
- request:
    body: null
    headers:
      Accept:
      - '*/*'
      Accept-Encoding:
      - gzip, deflate
      Connection:
      - keep-alive
      Content-Type:
      - application/json
      Host:
      - dns.ap-southeast-1.myhuaweicloud.com
      User-Agent:
      - huaweicloud-usdk-python/3.0
      X-Project-Id:
      - ap-southeat-1
      X-Sdk-Date:
      - 20250409T093108Z
    method: GET
    uri: https://dns.ap-southeast-1.myhuaweicloud.com/v2/zones?limit=100
  response:
    body:
      string: '{"links": {"self": "https://dns.huaweicloud.com/v2/zones?limit=100"},
        "zones": [{"id": "2c9eb1538a138432018a13xxxxx00001", "name": "public-disable.example.com.",
        "description": "Public zone to disable", "email": "admin@example.com", "zone_type":
        "public", "ttl": 300, "serial": 1678886419, "status": "ACTIVE", "record_num":
        1, "pool_id": "pubpooliddisable", "project_id": "0605dc51495c4447b48f5168309f9b5f",
        "created_at": "2023-03-15T12:00:19Z", "updated_at": "2023-03-15T12:00:19Z",
        "links": {"self": "https://dns.huaweicloud.com/v2/zones/2c9eb1538a138432018a13xxxxx00001"},
        "masters": [], "router": {"router_id": "null", "status": "PENDING_CREATE"},
        "tags": [], "enterprise_project_id": "0"}], "metadata": {"total_count": 1}}'
    headers:
      Connection:
      - keep-alive
      Content-Length:
      - '700'
      Content-Type:
      - application/json;charset=utf8
      Date:
      - Wed, 09 Apr 2025 09:31:08 GMT
      X-Request-Id:
      - 34e337437f63fd114308e31da13f53b6
    status:
      code: 200
      message: success
- request:
    body: '{"status": "DISABLE"}'
    headers:
      Accept:
      - '*/*'
      Accept-Encoding:
      - gzip, deflate
      Connection:
      - keep-alive
      Content-Length:
      - '20'
      Content-Type:
      - application/json;charset=utf8
      Host:
      - dns.ap-southeast-1.myhuaweicloud.com
      User-Agent:
      - huaweicloud-usdk-python/3.0
      X-Project-Id:
      - ap-southeat-1
      X-Sdk-Date:
      - 20250409T093109Z
    method: PUT
    uri: https://dns.ap-southeast-1.myhuaweicloud.com/v2/zones/2c9eb1538a138432018a13xxxxx00001/statuses
  response:
    body:
      string: '{"id": "2c9eb1538a138432018a13xxxxx00001", "name": "public-disable.example.com.",
        "description": "Public zone to disable", "email": "admin@example.com", "zone_type":
        "public", "ttl": 300, "serial": 1678886419, "status": "DISABLE", "record_num":
        1, "pool_id": "pubpooliddisable", "project_id": "0605dc51495c4447b48f5168309f9b5f",
        "created_at": "2023-03-15T12:00:19Z", "updated_at": "2023-03-15T12:00:20Z",
        "links": {"self": "https://dns.huaweicloud.com/v2/zones/2c9eb1538a138432018a13xxxxx00001"},
        "masters": [], "router": {"router_id": "null", "status": "PENDING_CREATE"},
        "tags": [], "enterprise_project_id": "0"}'
    headers:
      Connection:
      - keep-alive
      Content-Length:
      - '650'
      Content-Type:
      - application/json;charset=utf8
      Date:
      - Wed, 09 Apr 2025 09:31:09 GMT
      X-Request-Id:
      - 34e337437f63fd114308e31da13f53b7
    status:
      code: 200
      message: success
- request:
    body: null
    headers:
      Accept:
      - '*/*'
      Accept-Encoding:
      - gzip, deflate
      Connection:
      - keep-alive
      Content-Type:
      - application/json
      Host:
      - dns.ap-southeast-1.myhuaweicloud.com
      User-Agent:
      - huaweicloud-usdk-python/3.0
      X-Project-Id:
      - ap-southeat-1
      X-Sdk-Date:
      - 20250409T094716Z
    method: GET
    uri: https://dns.ap-southeast-1.myhuaweicloud.com/v2/zones/2c9eb1538a138432018a13xxxxx00001
  response:
    body:
      string: '{"error_msg":"Incorrect IAM authentication information: Unauthorized","error_code":"APIGW.0301","request_id":"ca2452305dac55d0199e0235e2b10a00"}

        '
    headers:
      Connection:
      - keep-alive
      Content-Type:
      - application/json
      Date:
      - Wed, 09 Apr 2025 09:47:16 GMT
      Server:
      - CloudWAF
      Set-Cookie:
      - HWWAFSESID=86d1b735ef90659ec3; path=/
      - HWWAFSESTIME=1744192036611; path=/
      Strict-Transport-Security:
      - max-age=31536000; includeSubdomains;
      X-Content-Type-Options:
      - nosniff
      X-Download-Options:
      - noopen
      X-Frame-Options:
      - SAMEORIGIN
      X-Request-Id:
      - ca2452305dac55d0199e0235e2b10a00
      X-XSS-Protection:
      - 1; mode=block;
    status:
      code: 401
      message: Unauthorized
- request:
    body: '{"status": "DISABLE"}'
    headers:
      Accept:
      - '*/*'
      Accept-Encoding:
      - gzip, deflate
      Connection:
      - keep-alive
      Content-Length:
      - '21'
      Content-Type:
      - application/json
      Host:
      - dns.ap-southeast-1.myhuaweicloud.com
      User-Agent:
      - huaweicloud-usdk-python/3.0
      X-Project-Id:
      - ap-southeat-1
      X-Sdk-Date:
      - 20250409T125637Z
    method: PUT
    uri: https://dns.ap-southeast-1.myhuaweicloud.com/v2/zones/2c9eb1538a138432018a13xxxxx00001/statuses
  response:
    body:
      string: '{"error_msg":"Incorrect IAM authentication information: Unauthorized","error_code":"APIGW.0301","request_id":"dc0f21482a3d9875227257047f8f3157"}

        '
    headers:
      Connection:
      - keep-alive
      Content-Type:
      - application/json
      Date:
      - Wed, 09 Apr 2025 12:56:37 GMT
      Server:
      - CloudWAF
      Set-Cookie:
      - HWWAFSESID=95e7b734b83e0992d7; path=/
      - HWWAFSESTIME=1744203397968; path=/
      Strict-Transport-Security:
      - max-age=31536000; includeSubdomains;
      Transfer-Encoding:
      - chunked
      X-Content-Type-Options:
      - nosniff
      X-Download-Options:
      - noopen
      X-Frame-Options:
      - SAMEORIGIN
      X-Request-Id:
      - dc0f21482a3d9875227257047f8f3157
      X-XSS-Protection:
      - 1; mode=block;
    status:
      code: 401
      message: Unauthorized
version: 1
