interactions:
- request:
    body: null
    headers:
      Accept:
      - '*/*'
      Accept-Encoding:
      - gzip, deflate
      Connection:
      - keep-alive
      Content-Type:
      - application/json
      Host:
      - dns.ap-southeast-1.myhuaweicloud.com
      User-Agent:
      - huaweicloud-usdk-python/3.0
      X-Project-Id:
      - ap-southeat-1
      X-Sdk-Date:
      - 20250409T093109Z
    method: GET
    uri: https://dns.ap-southeast-1.myhuaweicloud.com/v2/zones?limit=100&type=private
  response:
    body:
      string: '{"links": {"self": "https://dns.huaweicloud.com/v2/zones?limit=100&type=private"},
        "zones": [{"id": "2c9eb1538a138432018a13bbbbb00001", "name": "delete.example.com.",
        "description": "Zone to be deleted", "email": "admin@example.com", "zone_type":
        "private", "ttl": 300, "serial": 1678886402, "status": "ACTIVE", "record_num":
        0, "pool_id": "privpooliddelete", "project_id": "0605dc51495c4447b48f5168309f9b5f",
        "created_at": "2023-03-15T12:00:02Z", "updated_at": "2023-03-15T12:00:02Z",
        "links": {"self": "https://dns.huaweicloud.com/v2/zones/2c9eb1538a138432018a13bbbbb00001"},
        "masters": [], "routers": [], "tags": [], "enterprise_project_id": "0"}],
        "metadata": {"total_count": 1}}'
    headers:
      Connection:
      - keep-alive
      Content-Length:
      - '600'
      Content-Type:
      - application/json;charset=utf8
      Date:
      - Wed, 09 Apr 2025 09:31:09 GMT
      X-Request-Id:
      - 4bf969f6450969a2fa6cf8868b50eef3
    status:
      code: 200
      message: success
- request:
    body: null
    headers:
      Accept:
      - '*/*'
      Accept-Encoding:
      - gzip, deflate
      Connection:
      - keep-alive
      Content-Type:
      - application/json
      Host:
      - dns.ap-southeast-1.myhuaweicloud.com
      User-Agent:
      - huaweicloud-usdk-python/3.0
      X-Project-Id:
      - ap-southeat-1
      X-Sdk-Date:
      - 20250409T093110Z
    method: DELETE
    uri: https://dns.ap-southeast-1.myhuaweicloud.com/v2/zones/2c9eb1538a138432018a13bbbbb00001
  response:
    body:
      string: '{"id": "2c9eb1538a138432018a13bbbbb00001", "name": "delete.example.com.",
        "description": "Zone to be deleted", "email": "admin@example.com", "zone_type":
        "private", "ttl": 300, "serial": 1678886402, "status": "PENDING_DELETE", "record_num":
        0, "pool_id": "privpooliddelete", "project_id": "0605dc51495c4447b48f5168309f9b5f",
        "created_at": "2023-03-15T12:00:02Z", "updated_at": "2023-03-15T12:00:02Z",
        "links": {"self": "https://dns.huaweicloud.com/v2/zones/2c9eb1538a138432018a13bbbbb00001"},
        "masters": [], "routers": [], "tags": [], "enterprise_project_id": "0"}'
    headers:
      Connection:
      - keep-alive
      Content-Length:
      - '550'
      Content-Type:
      - application/json;charset=utf8
      Date:
      - Wed, 09 Apr 2025 09:31:10 GMT
      X-Request-Id:
      - 4bf969f6450969a2fa6cf8868b50eef4
    status:
      code: 200
      message: success
- request:
    body: null
    headers:
      Accept:
      - '*/*'
      Accept-Encoding:
      - gzip, deflate
      Connection:
      - keep-alive
      Content-Type:
      - application/json
      Host:
      - dns.ap-southeast-1.myhuaweicloud.com
      User-Agent:
      - huaweicloud-usdk-python/3.0
      X-Project-Id:
      - ap-southeat-1
      X-Sdk-Date:
      - 20250409T094717Z
    method: GET
    uri: https://dns.ap-southeast-1.myhuaweicloud.com/v2/zones/2c9eb1538a138432018a13bbbbb00001
  response:
    body:
      string: '{"error_msg":"Incorrect IAM authentication information: Unauthorized","error_code":"APIGW.0301","request_id":"da3eac5e85cf6b8b254ca1147facaacd"}

        '
    headers:
      Connection:
      - keep-alive
      Content-Type:
      - application/json
      Date:
      - Wed, 09 Apr 2025 09:47:18 GMT
      Server:
      - CloudWAF
      Set-Cookie:
      - HWWAFSESTIME=1744192038073; path=/
      - HWWAFSESID=4862673fb5527aa0a8; path=/
      Strict-Transport-Security:
      - max-age=31536000; includeSubdomains;
      Transfer-Encoding:
      - chunked
      X-Content-Type-Options:
      - nosniff
      X-Download-Options:
      - noopen
      X-Frame-Options:
      - SAMEORIGIN
      X-Request-Id:
      - da3eac5e85cf6b8b254ca1147facaacd
      X-XSS-Protection:
      - 1; mode=block;
    status:
      code: 401
      message: Unauthorized
version: 1
